Total Users: 0
Total Drivers: 0
